[INFO] Stage timing CSV output: results/verify/resnet18_stage_acceptance/fp32_batch32_recheck/stage_run1.csv
[INFO] TensorRT C++ benchmark started.
[INFO] Backend: TensorRT_FP32_Batch32_Acceptance_Run1
[INFO] OpenCV version: 4.5.4
[INFO] Engine path: /home/daydreamer/projects/python-onnx-demo/tensorrt/engines/model_fp32.engine
[INFO] Image dir: /home/daydreamer/projects/python-onnx-demo/input/
[INFO] Label path: /home/daydreamer/projects/edge_ai_deploy_project/labels/imagenet_classes.txt
[INFO] Batch size: 32
[INFO] Warmup: 5
[INFO] Repeat: 30
[INFO] CSV output: results/verify/resnet18_stage_acceptance/fp32_batch32_recheck/common_run1.csv
[INFO] Labels loaded: 1000 | cost: 0.6484 ms
[INFO] Images found: 244 | cost: 1.7379 ms
[INFO] TensorRT engine loaded | cost: 2105.0359 ms
========== TensorRT Engine Info ==========
[TRT] Number of IO tensors: 2
[TRT] Input name : input
[TRT] Output name: output
[TRT] Tensor 0 | name=input | mode=INPUT | dims=[-1, 3, 224, 224]
[TRT] Tensor 1 | name=output | mode=OUTPUT | dims=[-1, 1000]

========== TensorRT Warmup ==========
[TRT] Input device buffer capacity: 0 -> 19267584 bytes
[TRT] Output device buffer capacity: 0 -> 128000 bytes
[WARMUP] 1/5 finished
[WARMUP] 2/5 finished
[WARMUP] 3/5 finished
[WARMUP] 4/5 finished
[WARMUP] 5/5 finished

========== TensorRT Repeat Benchmark ==========
[TRT TIMING] trt_run_wall_ms=13.905790 | h2d_ms=1.646464 | gpu_inference_ms=12.070528 | d2h_ms=0.069664 | gpu_total_ms=13.786656 | stage_sum_ms=13.786656
[REPEAT] 1/30 finished
[REPEAT] 2/30 finished
[REPEAT] 3/30 finished
[REPEAT] 4/30 finished
[REPEAT] 5/30 finished
[REPEAT] 6/30 finished
[REPEAT] 7/30 finished
[REPEAT] 8/30 finished
[REPEAT] 9/30 finished
[REPEAT] 10/30 finished
[REPEAT] 11/30 finished
[REPEAT] 12/30 finished
[REPEAT] 13/30 finished
[REPEAT] 14/30 finished
[REPEAT] 15/30 finished
[REPEAT] 16/30 finished
[REPEAT] 17/30 finished
[REPEAT] 18/30 finished
[REPEAT] 19/30 finished
[REPEAT] 20/30 finished
[REPEAT] 21/30 finished
[REPEAT] 22/30 finished
[REPEAT] 23/30 finished
[REPEAT] 24/30 finished
[REPEAT] 25/30 finished
[REPEAT] 26/30 finished
[REPEAT] 27/30 finished
[REPEAT] 28/30 finished
[REPEAT] 29/30 finished
[REPEAT] 30/30 finished

========== Benchmark Summary ==========
[BENCHMARK] backend: TensorRT_FP32_Batch32_Acceptance_Run1
[BENCHMARK] batch_size: 32
[BENCHMARK] warmup: 5
[BENCHMARK] repeat: 30
[BENCHMARK] num_images: 244
[BENCHMARK] total_batches: 240
[BENCHMARK] total_samples: 7320
[BENCHMARK] avg_latency_ms: 101.3985 ms
[BENCHMARK] p95_latency_ms: 134.9484 ms
[BENCHMARK] min_latency_ms: 63.2096 ms
[BENCHMARK] max_latency_ms: 142.9824 ms
[BENCHMARK] fps: 300.7934
[BENCHMARK] avg_preprocess_ms: 75.4394 ms
[BENCHMARK] avg_infer_ms: 25.0795 ms
[BENCHMARK] avg_postprocess_ms: 0.8796 ms
[BENCHMARK] avg_trt_run_wall_ms: 25.0795 ms
[BENCHMARK] avg_h2d_ms: 1.8150 ms
[BENCHMARK] avg_gpu_inference_ms: 23.0319 ms
[BENCHMARK] avg_d2h_ms: 0.1706 ms
[BENCHMARK] avg_gpu_total_ms: 25.0174 ms
[BENCHMARK] avg_gpu_stage_sum_ms: 25.0174 ms
[BENCHMARK] gpu_total_minus_stage_sum_ms: 0.0000 ms
[BENCHMARK] wall_minus_gpu_total_ms: 0.0621 ms
[INFO] TensorRT stage timing CSV saved to: results/verify/resnet18_stage_acceptance/fp32_batch32_recheck/stage_run1.csv
[INFO] TensorRT benchmark CSV saved to: results/verify/resnet18_stage_acceptance/fp32_batch32_recheck/common_run1.csv
[INFO] TensorRT C++ benchmark finished.
