[INFO] Stage timing CSV output: /home/daydreamer/projects/edge_ai_deploy_project_pre_reuse/results/benchmark/trt_stage_timing_pre_reuse/trt_stage_timing_pre_reuse.csv
[INFO] TensorRT C++ benchmark started.
[INFO] Backend: TensorRT_FP16_PreReuse
[INFO] OpenCV version: 4.5.4
[INFO] Engine path: /home/daydreamer/projects/python-onnx-demo/tensorrt/engines/model_fp16.engine
[INFO] Image dir: /home/daydreamer/projects/python-onnx-demo/input
[INFO] Label path: /home/daydreamer/projects/edge_ai_deploy_project_pre_reuse/labels/imagenet_classes.txt
[INFO] Batch size: 1
[INFO] Warmup: 3
[INFO] Repeat: 10
[INFO] CSV output: /home/daydreamer/projects/edge_ai_deploy_project_pre_reuse/results/benchmark/trt_stage_timing_pre_reuse/trt_stage_timing_pre_reuse_common.csv
[INFO] Labels loaded: 1000 | cost: 0.1136 ms
[INFO] Images found: 244 | cost: 0.5932 ms
[INFO] TensorRT engine loaded | cost: 145.6459 ms
========== TensorRT Engine Info ==========
[TRT] Number of IO tensors: 2
[TRT] Input name : input
[TRT] Output name: output
[TRT] Tensor 0 | name=input | mode=INPUT | dims=[-1, 3, 224, 224]
[TRT] Tensor 1 | name=output | mode=OUTPUT | dims=[-1, 1000]

========== TensorRT Warmup ==========
[WARMUP] 1/3 finished
[WARMUP] 2/3 finished
[WARMUP] 3/3 finished

========== TensorRT Repeat Benchmark ==========
[TRT TIMING] trt_run_wall_ms=1.605438 | h2d_ms=0.054720 | gpu_inference_ms=0.932032 | d2h_ms=0.069536 | gpu_total_ms=1.056288 | stage_sum_ms=1.056288
[REPEAT] 1/10 finished
[REPEAT] 2/10 finished
[REPEAT] 3/10 finished
[REPEAT] 4/10 finished
[REPEAT] 5/10 finished
[REPEAT] 6/10 finished
[REPEAT] 7/10 finished
[REPEAT] 8/10 finished
[REPEAT] 9/10 finished
[REPEAT] 10/10 finished

========== Benchmark Summary ==========
[BENCHMARK] backend: TensorRT_FP16_PreReuse
[BENCHMARK] batch_size: 1
[BENCHMARK] warmup: 3
[BENCHMARK] repeat: 10
[BENCHMARK] num_images: 244
[BENCHMARK] total_batches: 2440
[BENCHMARK] total_samples: 2440
[BENCHMARK] avg_latency_ms: 4.6445 ms
[BENCHMARK] p95_latency_ms: 5.4844 ms
[BENCHMARK] min_latency_ms: 2.9442 ms
[BENCHMARK] max_latency_ms: 16.9550 ms
[BENCHMARK] fps: 215.3074
[BENCHMARK] avg_preprocess_ms: 2.4695 ms
[BENCHMARK] avg_infer_ms: 2.1398 ms
[BENCHMARK] avg_postprocess_ms: 0.0353 ms
[BENCHMARK] avg_trt_run_wall_ms: 2.1398 ms
[BENCHMARK] avg_h2d_ms: 0.0466 ms
[BENCHMARK] avg_gpu_inference_ms: 1.4852 ms
[BENCHMARK] avg_d2h_ms: 0.0657 ms
[BENCHMARK] avg_gpu_total_ms: 1.5975 ms
[BENCHMARK] avg_gpu_stage_sum_ms: 1.5975 ms
[BENCHMARK] gpu_total_minus_stage_sum_ms: -0.0000 ms
[BENCHMARK] wall_minus_gpu_total_ms: 0.5423 ms
[INFO] TensorRT stage timing CSV saved to: /home/daydreamer/projects/edge_ai_deploy_project_pre_reuse/results/benchmark/trt_stage_timing_pre_reuse/trt_stage_timing_pre_reuse.csv
[INFO] TensorRT benchmark CSV saved to: /home/daydreamer/projects/edge_ai_deploy_project_pre_reuse/results/benchmark/trt_stage_timing_pre_reuse/trt_stage_timing_pre_reuse_common.csv
[INFO] TensorRT C++ benchmark finished.
