[INFO] Stage timing CSV output: /home/daydreamer/projects/edge_ai_deploy_project_pre_reuse/results/benchmark/trt_stage_timing_pre_reuse/trt_stage_timing_pre_reuse.csv
[INFO] TensorRT C++ benchmark started.
[INFO] Backend: TensorRT_FP16_PreReuse
[INFO] OpenCV version: 4.5.4
[INFO] Engine path: /home/daydreamer/projects/python-onnx-demo/tensorrt/engines/model_fp16.engine
[INFO] Image dir: /home/daydreamer/projects/python-onnx-demo/input
[INFO] Label path: /home/daydreamer/projects/edge_ai_deploy_project_pre_reuse/labels/imagenet_classes.txt
[INFO] Batch size: 32
[INFO] Warmup: 3
[INFO] Repeat: 10
[INFO] CSV output: /home/daydreamer/projects/edge_ai_deploy_project_pre_reuse/results/benchmark/trt_stage_timing_pre_reuse/trt_stage_timing_pre_reuse_common.csv
[INFO] Labels loaded: 1000 | cost: 0.1142 ms
[INFO] Images found: 244 | cost: 0.4352 ms
[INFO] TensorRT engine loaded | cost: 168.4486 ms
========== TensorRT Engine Info ==========
[TRT] Number of IO tensors: 2
[TRT] Input name : input
[TRT] Output name: output
[TRT] Tensor 0 | name=input | mode=INPUT | dims=[-1, 3, 224, 224]
[TRT] Tensor 1 | name=output | mode=OUTPUT | dims=[-1, 1000]

========== TensorRT Warmup ==========
[WARMUP] 1/3 finished
[WARMUP] 2/3 finished
[WARMUP] 3/3 finished

========== TensorRT Repeat Benchmark ==========
[TRT TIMING] trt_run_wall_ms=6.943946 | h2d_ms=1.404960 | gpu_inference_ms=4.075392 | d2h_ms=0.066368 | gpu_total_ms=5.546720 | stage_sum_ms=5.546720
[REPEAT] 1/10 finished
[REPEAT] 2/10 finished
[REPEAT] 3/10 finished
[REPEAT] 4/10 finished
[REPEAT] 5/10 finished
[REPEAT] 6/10 finished
[REPEAT] 7/10 finished
[REPEAT] 8/10 finished
[REPEAT] 9/10 finished
[REPEAT] 10/10 finished

========== Benchmark Summary ==========
[BENCHMARK] backend: TensorRT_FP16_PreReuse
[BENCHMARK] batch_size: 32
[BENCHMARK] warmup: 3
[BENCHMARK] repeat: 10
[BENCHMARK] num_images: 244
[BENCHMARK] total_batches: 80
[BENCHMARK] total_samples: 2440
[BENCHMARK] avg_latency_ms: 93.0676 ms
[BENCHMARK] p95_latency_ms: 114.1325 ms
[BENCHMARK] min_latency_ms: 59.0348 ms
[BENCHMARK] max_latency_ms: 148.6000 ms
[BENCHMARK] fps: 327.7188
[BENCHMARK] avg_preprocess_ms: 76.7056 ms
[BENCHMARK] avg_infer_ms: 15.4861 ms
[BENCHMARK] avg_postprocess_ms: 0.8758 ms
[BENCHMARK] avg_trt_run_wall_ms: 15.4861 ms
[BENCHMARK] avg_h2d_ms: 1.9845 ms
[BENCHMARK] avg_gpu_inference_ms: 11.4605 ms
[BENCHMARK] avg_d2h_ms: 0.1530 ms
[BENCHMARK] avg_gpu_total_ms: 13.5981 ms
[BENCHMARK] avg_gpu_stage_sum_ms: 13.5981 ms
[BENCHMARK] gpu_total_minus_stage_sum_ms: 0.0000 ms
[BENCHMARK] wall_minus_gpu_total_ms: 1.8881 ms
[INFO] TensorRT stage timing CSV saved to: /home/daydreamer/projects/edge_ai_deploy_project_pre_reuse/results/benchmark/trt_stage_timing_pre_reuse/trt_stage_timing_pre_reuse.csv
[INFO] TensorRT benchmark CSV saved to: /home/daydreamer/projects/edge_ai_deploy_project_pre_reuse/results/benchmark/trt_stage_timing_pre_reuse/trt_stage_timing_pre_reuse_common.csv
[INFO] TensorRT C++ benchmark finished.
