[INFO] Stage timing CSV output: results/benchmark/trt_stage_timing/fp32_batch8_recheck/stage_run4.csv
[INFO] TensorRT C++ benchmark started.
[INFO] Backend: TensorRT_FP32_Batch8_Recheck_Run4
[INFO] OpenCV version: 4.5.4
[INFO] Engine path: /home/daydreamer/projects/python-onnx-demo/tensorrt/engines/model_fp32.engine
[INFO] Image dir: /home/daydreamer/projects/python-onnx-demo/input/
[INFO] Label path: /home/daydreamer/projects/edge_ai_deploy_project/labels/imagenet_classes.txt
[INFO] Batch size: 8
[INFO] Warmup: 5
[INFO] Repeat: 30
[INFO] CSV output: results/benchmark/trt_stage_timing/fp32_batch8_recheck/common_run4.csv
[INFO] Labels loaded: 1000 | cost: 0.1150 ms
[INFO] Images found: 244 | cost: 0.4454 ms
[INFO] TensorRT engine loaded | cost: 169.2196 ms
========== TensorRT Engine Info ==========
[TRT] Number of IO tensors: 2
[TRT] Input name : input
[TRT] Output name: output
[TRT] Tensor 0 | name=input | mode=INPUT | dims=[-1, 3, 224, 224]
[TRT] Tensor 1 | name=output | mode=OUTPUT | dims=[-1, 1000]

========== TensorRT Warmup ==========
[TRT] Input device buffer capacity: 0 -> 4816896 bytes
[TRT] Output device buffer capacity: 0 -> 32000 bytes
[WARMUP] 1/5 finished
[WARMUP] 2/5 finished
[WARMUP] 3/5 finished
[WARMUP] 4/5 finished
[WARMUP] 5/5 finished

========== TensorRT Repeat Benchmark ==========
[TRT TIMING] trt_run_wall_ms=4.656636 | h2d_ms=0.426976 | gpu_inference_ms=3.986880 | d2h_ms=0.053024 | gpu_total_ms=4.466880 | stage_sum_ms=4.466880
[REPEAT] 1/30 finished
[REPEAT] 2/30 finished
[REPEAT] 3/30 finished
[REPEAT] 4/30 finished
[REPEAT] 5/30 finished
[REPEAT] 6/30 finished
[REPEAT] 7/30 finished
[REPEAT] 8/30 finished
[REPEAT] 9/30 finished
[REPEAT] 10/30 finished
[REPEAT] 11/30 finished
[REPEAT] 12/30 finished
[REPEAT] 13/30 finished
[REPEAT] 14/30 finished
[REPEAT] 15/30 finished
[REPEAT] 16/30 finished
[REPEAT] 17/30 finished
[REPEAT] 18/30 finished
[REPEAT] 19/30 finished
[REPEAT] 20/30 finished
[REPEAT] 21/30 finished
[REPEAT] 22/30 finished
[REPEAT] 23/30 finished
[REPEAT] 24/30 finished
[REPEAT] 25/30 finished
[REPEAT] 26/30 finished
[REPEAT] 27/30 finished
[REPEAT] 28/30 finished
[REPEAT] 29/30 finished
[REPEAT] 30/30 finished

========== Benchmark Summary ==========
[BENCHMARK] backend: TensorRT_FP32_Batch8_Recheck_Run4
[BENCHMARK] batch_size: 8
[BENCHMARK] warmup: 5
[BENCHMARK] repeat: 30
[BENCHMARK] num_images: 244
[BENCHMARK] total_batches: 930
[BENCHMARK] total_samples: 7320
[BENCHMARK] avg_latency_ms: 29.3942 ms
[BENCHMARK] p95_latency_ms: 38.0994 ms
[BENCHMARK] min_latency_ms: 9.7178 ms
[BENCHMARK] max_latency_ms: 52.3041 ms
[BENCHMARK] fps: 267.7726
[BENCHMARK] avg_preprocess_ms: 19.6936 ms
[BENCHMARK] avg_infer_ms: 9.4532 ms
[BENCHMARK] avg_postprocess_ms: 0.2474 ms
[BENCHMARK] avg_trt_run_wall_ms: 9.4532 ms
[BENCHMARK] avg_h2d_ms: 0.4866 ms
[BENCHMARK] avg_gpu_inference_ms: 8.5495 ms
[BENCHMARK] avg_d2h_ms: 0.1554 ms
[BENCHMARK] avg_gpu_total_ms: 9.1914 ms
[BENCHMARK] avg_gpu_stage_sum_ms: 9.1914 ms
[BENCHMARK] gpu_total_minus_stage_sum_ms: -0.0000 ms
[BENCHMARK] wall_minus_gpu_total_ms: 0.2618 ms
[INFO] TensorRT stage timing CSV saved to: results/benchmark/trt_stage_timing/fp32_batch8_recheck/stage_run4.csv
[INFO] TensorRT benchmark CSV saved to: results/benchmark/trt_stage_timing/fp32_batch8_recheck/common_run4.csv
[INFO] TensorRT C++ benchmark finished.
