[  4%] Building CXX object CMakeFiles/verify_ort_cpu_cuda_batch.dir/src/verify_ort_cpu_cuda_batch.cpp.o
[  4%] Building CXX object CMakeFiles/verify_ort_cpu_cuda_batch.dir/src/image_process.cpp.o
[  8%] Building CXX object CMakeFiles/verify_cpp_ort.dir/src/verify_cpp_ort.cpp.o
[  8%] Building CXX object CMakeFiles/cpp_ort_benchmark.dir/src/benchmark_main.cpp.o
[ 10%] Building CXX object CMakeFiles/verify_ort_cpu_cuda_batch.dir/src/ort_runner.cpp.o
[ 12%] Building CXX object CMakeFiles/verify_ort_cpu_cuda_batch.dir/src/batch_infer.cpp.o
[ 14%] Building CXX object CMakeFiles/cpp_ort_infer.dir/src/postprocess.cpp.o
[ 16%] Building CXX object CMakeFiles/cpp_ort_infer.dir/src/ort_runner.cpp.o
[ 18%] Building CXX object CMakeFiles/cpp_ort_infer.dir/src/batch_infer.cpp.o
[ 22%] Building CXX object CMakeFiles/cpp_trt_infer.dir/src/trt_infer_main.cpp.o
[ 22%] Building CXX object CMakeFiles/cpp_ort_infer.dir/src/timer.cpp.o
[ 26%] Building CXX object CMakeFiles/verify_trt_buffer_reuse.dir/src/verify_trt_buffer_reuse.cpp.o
[ 26%] Building CXX object CMakeFiles/cpp_trt_infer.dir/src/trt_runner.cpp.o
[ 32%] Building CXX object CMakeFiles/cpp_ort_benchmark.dir/src/benchmark.cpp.o
[ 32%] Building CXX object CMakeFiles/cpp_ort_infer.dir/src/main.cpp.o
[ 32%] Building CXX object CMakeFiles/cpp_ort_infer.dir/src/label_map.cpp.o
[ 34%] Building CXX object CMakeFiles/verify_trt_buffer_reuse.dir/src/batch_infer.cpp.o
[ 36%] Building CXX object CMakeFiles/verify_trt_buffer_reuse.dir/src/trt_runner.cpp.o
[ 38%] Building CXX object CMakeFiles/verify_trt_buffer_reuse.dir/src/image_process.cpp.o
[ 40%] Building CXX object CMakeFiles/cpp_trt_infer.dir/src/timer.cpp.o
[ 42%] Building CXX object CMakeFiles/verify_cpp_ort.dir/src/image_process.cpp.o
[ 44%] Building CXX object CMakeFiles/cpp_trt_benchmark.dir/src/trt_benchmark_main.cpp.o
[ 46%] Building CXX object CMakeFiles/cpp_ort_benchmark.dir/src/timer.cpp.o
[ 48%] Building CXX object CMakeFiles/cpp_ort_infer.dir/src/image_process.cpp.o
[ 50%] Building CXX object CMakeFiles/cpp_ort_benchmark.dir/src/image_process.cpp.o
[ 52%] Building CXX object CMakeFiles/cpp_trt_infer.dir/src/image_process.cpp.o
[ 54%] Building CXX object CMakeFiles/cpp_ort_benchmark.dir/src/postprocess.cpp.o
[ 56%] Building CXX object CMakeFiles/cpp_trt_benchmark.dir/src/trt_runner.cpp.o
[ 58%] Building CXX object CMakeFiles/verify_cpp_ort.dir/src/postprocess.cpp.o
[ 60%] Building CXX object CMakeFiles/cpp_ort_benchmark.dir/src/label_map.cpp.o
[ 62%] Building CXX object CMakeFiles/cpp_trt_benchmark.dir/src/benchmark.cpp.o
[ 64%] Building CXX object CMakeFiles/cpp_trt_infer.dir/src/postprocess.cpp.o
[ 66%] Building CXX object CMakeFiles/cpp_trt_benchmark.dir/src/timer.cpp.o
[ 68%] Building CXX object CMakeFiles/verify_cpp_ort.dir/src/label_map.cpp.o
[ 70%] Building CXX object CMakeFiles/cpp_trt_infer.dir/src/label_map.cpp.o
[ 72%] Building CXX object CMakeFiles/cpp_ort_benchmark.dir/src/ort_runner.cpp.o
[ 74%] Building CXX object CMakeFiles/cpp_trt_benchmark.dir/src/image_process.cpp.o
[ 76%] Building CXX object CMakeFiles/verify_cpp_ort.dir/src/ort_runner.cpp.o
[ 80%] Building CXX object CMakeFiles/cpp_trt_infer.dir/src/batch_infer.cpp.o
[ 80%] Building CXX object CMakeFiles/cpp_trt_benchmark.dir/src/postprocess.cpp.o
[ 82%] Building CXX object CMakeFiles/cpp_ort_benchmark.dir/src/batch_infer.cpp.o
[ 84%] Building CXX object CMakeFiles/cpp_trt_benchmark.dir/src/label_map.cpp.o
[ 86%] Building CXX object CMakeFiles/cpp_trt_benchmark.dir/src/batch_infer.cpp.o
[ 88%] Linking CXX executable verify_ort_cpu_cuda_batch
[ 90%] Linking CXX executable verify_trt_buffer_reuse
[ 92%] Linking CXX executable cpp_trt_infer
[ 94%] Linking CXX executable verify_cpp_ort
[ 94%] Built target verify_trt_buffer_reuse
[ 96%] Linking CXX executable cpp_ort_infer
[ 96%] Built target verify_ort_cpu_cuda_batch
[ 96%] Built target cpp_trt_infer
[ 98%] Linking CXX executable cpp_trt_benchmark
[ 98%] Built target verify_cpp_ort
[100%] Linking CXX executable cpp_ort_benchmark
[100%] Built target cpp_ort_infer
[100%] Built target cpp_trt_benchmark
[100%] Built target cpp_ort_benchmark
