[INFO] Stage timing CSV output: /home/daydreamer/projects/edge_ai_deploy_project/results/benchmark/trt_stage_timing/trt_stage_timing.csv
[INFO] TensorRT C++ benchmark started.
[INFO] Backend: TensorRT_FP16_StageTiming
[INFO] OpenCV version: 4.5.4
[INFO] Engine path: /home/daydreamer/projects/python-onnx-demo/tensorrt/engines/model_fp16.engine
[INFO] Image dir: /home/daydreamer/projects/python-onnx-demo/input
[INFO] Label path: /home/daydreamer/projects/edge_ai_deploy_project/labels/imagenet_classes.txt
[INFO] Batch size: 1
[INFO] Warmup: 3
[INFO] Repeat: 10
[INFO] CSV output: /home/daydreamer/projects/edge_ai_deploy_project/results/benchmark/trt_stage_timing/trt_stage_timing_common.csv
[INFO] Labels loaded: 1000 | cost: 0.1102 ms
[INFO] Images found: 244 | cost: 0.4244 ms
[INFO] TensorRT engine loaded | cost: 174.5714 ms
========== TensorRT Engine Info ==========
[TRT] Number of IO tensors: 2
[TRT] Input name : input
[TRT] Output name: output
[TRT] Tensor 0 | name=input | mode=INPUT | dims=[-1, 3, 224, 224]
[TRT] Tensor 1 | name=output | mode=OUTPUT | dims=[-1, 1000]

========== TensorRT Warmup ==========
[TRT] Input device buffer capacity: 0 -> 602112 bytes
[TRT] Output device buffer capacity: 0 -> 4000 bytes
[WARMUP] 1/3 finished
[WARMUP] 2/3 finished
[WARMUP] 3/3 finished

========== TensorRT Repeat Benchmark ==========
[TRT TIMING] trt_run_wall_ms=1.142125 | h2d_ms=0.034976 | gpu_inference_ms=0.948992 | d2h_ms=0.078944 | gpu_total_ms=1.062912 | stage_sum_ms=1.062912
[REPEAT] 1/10 finished
[REPEAT] 2/10 finished
[REPEAT] 3/10 finished
[REPEAT] 4/10 finished
[REPEAT] 5/10 finished
[REPEAT] 6/10 finished
[REPEAT] 7/10 finished
[REPEAT] 8/10 finished
[REPEAT] 9/10 finished
[REPEAT] 10/10 finished

========== Benchmark Summary ==========
[BENCHMARK] backend: TensorRT_FP16_StageTiming
[BENCHMARK] batch_size: 1
[BENCHMARK] warmup: 3
[BENCHMARK] repeat: 10
[BENCHMARK] num_images: 244
[BENCHMARK] total_batches: 2440
[BENCHMARK] total_samples: 2440
[BENCHMARK] avg_latency_ms: 4.1312 ms
[BENCHMARK] p95_latency_ms: 5.0047 ms
[BENCHMARK] min_latency_ms: 2.4882 ms
[BENCHMARK] max_latency_ms: 17.3745 ms
[BENCHMARK] fps: 242.0616
[BENCHMARK] avg_preprocess_ms: 2.5476 ms
[BENCHMARK] avg_infer_ms: 1.5497 ms
[BENCHMARK] avg_postprocess_ms: 0.0339 ms
[BENCHMARK] avg_trt_run_wall_ms: 1.5497 ms
[BENCHMARK] avg_h2d_ms: 0.0490 ms
[BENCHMARK] avg_gpu_inference_ms: 1.3509 ms
[BENCHMARK] avg_d2h_ms: 0.0734 ms
[BENCHMARK] avg_gpu_total_ms: 1.4733 ms
[BENCHMARK] avg_gpu_stage_sum_ms: 1.4733 ms
[BENCHMARK] gpu_total_minus_stage_sum_ms: -0.0000 ms
[BENCHMARK] wall_minus_gpu_total_ms: 0.0763 ms
[INFO] TensorRT stage timing CSV saved to: /home/daydreamer/projects/edge_ai_deploy_project/results/benchmark/trt_stage_timing/trt_stage_timing.csv
[INFO] TensorRT benchmark CSV saved to: /home/daydreamer/projects/edge_ai_deploy_project/results/benchmark/trt_stage_timing/trt_stage_timing_common.csv
[INFO] TensorRT C++ benchmark finished.
