[INFO] Stage timing CSV output: /home/daydreamer/projects/edge_ai_deploy_project/results/benchmark/trt_stage_timing/trt_stage_timing.csv
[INFO] TensorRT C++ benchmark started.
[INFO] Backend: TensorRT_FP16_StageTiming
[INFO] OpenCV version: 4.5.4
[INFO] Engine path: /home/daydreamer/projects/python-onnx-demo/tensorrt/engines/model_fp16.engine
[INFO] Image dir: /home/daydreamer/projects/python-onnx-demo/input
[INFO] Label path: /home/daydreamer/projects/edge_ai_deploy_project/labels/imagenet_classes.txt
[INFO] Batch size: 32
[INFO] Warmup: 3
[INFO] Repeat: 10
[INFO] CSV output: /home/daydreamer/projects/edge_ai_deploy_project/results/benchmark/trt_stage_timing/trt_stage_timing_common.csv
[INFO] Labels loaded: 1000 | cost: 0.1232 ms
[INFO] Images found: 244 | cost: 0.4248 ms
[INFO] TensorRT engine loaded | cost: 165.7431 ms
========== TensorRT Engine Info ==========
[TRT] Number of IO tensors: 2
[TRT] Input name : input
[TRT] Output name: output
[TRT] Tensor 0 | name=input | mode=INPUT | dims=[-1, 3, 224, 224]
[TRT] Tensor 1 | name=output | mode=OUTPUT | dims=[-1, 1000]

========== TensorRT Warmup ==========
[TRT] Input device buffer capacity: 0 -> 19267584 bytes
[TRT] Output device buffer capacity: 0 -> 128000 bytes
[WARMUP] 1/3 finished
[WARMUP] 2/3 finished
[WARMUP] 3/3 finished

========== TensorRT Repeat Benchmark ==========
[TRT TIMING] trt_run_wall_ms=6.029902 | h2d_ms=1.843776 | gpu_inference_ms=4.113248 | d2h_ms=0.051008 | gpu_total_ms=6.008032 | stage_sum_ms=6.008032
[REPEAT] 1/10 finished
[REPEAT] 2/10 finished
[REPEAT] 3/10 finished
[REPEAT] 4/10 finished
[REPEAT] 5/10 finished
[REPEAT] 6/10 finished
[REPEAT] 7/10 finished
[REPEAT] 8/10 finished
[REPEAT] 9/10 finished
[REPEAT] 10/10 finished

========== Benchmark Summary ==========
[BENCHMARK] backend: TensorRT_FP16_StageTiming
[BENCHMARK] batch_size: 32
[BENCHMARK] warmup: 3
[BENCHMARK] repeat: 10
[BENCHMARK] num_images: 244
[BENCHMARK] total_batches: 80
[BENCHMARK] total_samples: 2440
[BENCHMARK] avg_latency_ms: 90.1941 ms
[BENCHMARK] p95_latency_ms: 111.5379 ms
[BENCHMARK] min_latency_ms: 56.9284 ms
[BENCHMARK] max_latency_ms: 112.8772 ms
[BENCHMARK] fps: 338.1595
[BENCHMARK] avg_preprocess_ms: 75.9837 ms
[BENCHMARK] avg_infer_ms: 13.3351 ms
[BENCHMARK] avg_postprocess_ms: 0.8752 ms
[BENCHMARK] avg_trt_run_wall_ms: 13.3351 ms
[BENCHMARK] avg_h2d_ms: 2.0697 ms
[BENCHMARK] avg_gpu_inference_ms: 10.7288 ms
[BENCHMARK] avg_d2h_ms: 0.1764 ms
[BENCHMARK] avg_gpu_total_ms: 12.9748 ms
[BENCHMARK] avg_gpu_stage_sum_ms: 12.9748 ms
[BENCHMARK] gpu_total_minus_stage_sum_ms: -0.0000 ms
[BENCHMARK] wall_minus_gpu_total_ms: 0.3603 ms
[INFO] TensorRT stage timing CSV saved to: /home/daydreamer/projects/edge_ai_deploy_project/results/benchmark/trt_stage_timing/trt_stage_timing.csv
[INFO] TensorRT benchmark CSV saved to: /home/daydreamer/projects/edge_ai_deploy_project/results/benchmark/trt_stage_timing/trt_stage_timing_common.csv
[INFO] TensorRT C++ benchmark finished.
